// Jest Snapshot v1, https://goo.gl/fbAQLP

exports[`ProgressBar renders 1`] = `
<div
  className="relative top-0 left-0 bg-slate-800 border-[1px] rounded-md w-full"
>
  <p
    className="w-full top-[-0.2em] absolute text-center text-white cursor-default"
  >
    0
  </p>
  <div
    className="bg-green-500 h-4 rounded-md transition-all duration-300 ease-in"
    style={
      Object {
        "width": "0%",
      }
    }
  />
</div>
`;
